{
  "checks": {
    "canonical_mission_and_m7_5_remain_locked": true,
    "exact_source_and_required_approvals": true,
    "m7_3_attended_collision_passed": true,
    "m7_3_no_contact_and_cleanup_passed": true,
    "m7_4_approval_binds_m7_3_evidence": true,
    "m7_4_moving_perception_passed": true,
    "m7_4_pitch_reverified_before_and_after": true,
    "m7_4_stale_veto_and_cleanup_passed": true,
    "unchanged_safety_limits": true
  },
  "m7_3_evidence_sha256": "7e2636f100ffad724477f1e6287458d0708057c3ee93f26d5dd6f52432281f55",
  "m7_3_metrics": {
    "collision_zero_latency_s": 0.0,
    "operator_zero_latency_s": {
      "operator_estop": 0.0035390853881835938,
      "operator_stop": 0.015192031860351562
    },
    "physical_contact_observed": false,
    "restart_state": "recovery_required",
    "slow_min_motor_mps": 0.09499999046325686
  },
  "m7_4_metrics": {
    "mapped_point_detection_count": 1,
    "maximum_observed_displacement_m": 0.05117835509053988,
    "moving_sample_count": 3,
    "new_stable_track_ids": [
      "object-0007"
    ],
    "pitch_drift_deg": 0.1289999999999997,
    "sample_count": 5,
    "stale_zero_latency_s": 0.0025529861450195312
  },
  "passed": true,
  "schema": "sphero_rvr.m7_phase3_attended_validation_report.v1",
  "scope": {
    "canonical_mission_approved": false,
    "drop_off_detection_available": false,
    "m7_3_collision_gate": "passed",
    "m7_4_moving_perception_gate": "passed",
    "m7_5_physical_binding_approved": false
  },
  "session_sha256": "35e9c25d06b113d335775a54f16211a5887b8c15f4527d9cca975fdcc79012da",
  "source_sha": "8f020c84ffbbcd0f3eb7ad642e938794cfe0c39f",
  "through_gate": "m7.4"
}
	Command being timed: "ros2 run sphero_rvr_driver rvr_m7_attended_validation evaluate /home/jsperson/rvr_runs/m7-phase3-m7.4-20260727T2330Z/m7.4-session.json --through m7.4 --output /home/jsperson/rvr_runs/m7-phase3-m7.4-20260727T2330Z/report.json"
	User time (seconds): 19.09
	System time (seconds): 1.48
	Percent of CPU this job got: 99%
	Elapsed (wall clock) time (h:mm:ss or m:ss): 0:20.59
	Average shared text size (kbytes): 0
	Average unshared data size (kbytes): 0
	Average stack size (kbytes): 0
	Average total size (kbytes): 0
	Maximum resident set size (kbytes): 1050924
	Average resident set size (kbytes): 0
	Major (requiring I/O) page faults: 0
	Minor (reclaiming a frame) page faults: 507190
	Voluntary context switches: 40
	Involuntary context switches: 1902
	Swaps: 0
	File system inputs: 0
	File system outputs: 16
	Socket messages sent: 0
	Socket messages received: 0
	Signals delivered: 0
	Page size (bytes): 4096
	Exit status: 0
